// Jest Snapshot v1, https://goo.gl/fbAQLP

exports[`exports expected commands 1`] = `
Array [
  "queryByPlaceholderText",
  "queryAllByPlaceholderText",
  "getByPlaceholderText",
  "getAllByPlaceholderText",
  "queryByText",
  "queryAllByText",
  "getByText",
  "getAllByText",
  "queryByLabelText",
  "queryAllByLabelText",
  "getByLabelText",
  "getAllByLabelText",
  "queryByAltText",
  "queryAllByAltText",
  "getByAltText",
  "getAllByAltText",
  "queryByTestId",
  "queryAllByTestId",
  "getByTestId",
  "getAllByTestId",
  "queryByTitle",
  "queryAllByTitle",
  "getByTitle",
  "getAllByTitle",
]
`;
