// Jest Snapshot v1, https://goo.gl/fbAQLP

exports[`exports expected commands 1`] = `
Array [
  "getByPlaceholderText",
  "getAllByPlaceholderText",
  "queryByText",
  "queryAllByText",
  "getByText",
  "getAllByText",
  "queryByLabelText",
  "queryAllByLabelText",
  "getByLabelText",
  "getAllByLabelText",
  "queryByAltText",
  "queryAllByAltText",
  "getByAltText",
  "getAllByAltText",
  "queryBySelectText",
  "queryAllBySelectText",
  "getBySelectText",
  "getAllBySelectText",
  "getByTestId",
  "getAllByTestId",
  "queryByTitle",
  "queryAllByTitle",
  "getByTitle",
  "getAllByTitle",
  "getByValue",
  "getAllByValue",
  "queryByDisplayValue",
  "queryAllByDisplayValue",
  "getByDisplayValue",
  "getAllByDisplayValue",
  "getAllByRole",
  "getByRole",
  "findByLabelText",
  "findAllByLabelText",
  "findByPlaceholderText",
  "findAllByPlaceholderText",
  "findByText",
  "findAllByText",
  "findByAltText",
  "findAllByAltText",
  "findByTitle",
  "findAllByTitle",
  "findByDisplayValue",
  "findAllByDisplayValue",
  "findByRole",
  "findAllByRole",
  "findByTestId",
  "findAllByTestId",
  "queryByPlaceholderText",
  "queryAllByPlaceholderText",
  "queryByTestId",
  "queryAllByTestId",
  "queryByValue",
  "queryAllByValue",
  "queryByRole",
  "queryAllByRole",
]
`;
